V3 26
FL C:/Users/ja/Desktop/work/FPGA/projekty/DCEQ816/ALU.vhd 2019/04/18.15:52:22 P.20131013
EN work/ALU 1559067381 FL C:/Users/ja/Desktop/work/FPGA/projekty/DCEQ816/ALU.vhd \
      PB ieee/std_logic_1164 1381692176 PB ieee/STD_LOGIC_UNSIGNED 1381692179 \
      PB ieee/NUMERIC_STD 1381692181
AR work/ALU/Behavioral 1559067382 \
      FL C:/Users/ja/Desktop/work/FPGA/projekty/DCEQ816/ALU.vhd EN work/ALU 1559067381
FL C:/Users/ja/Desktop/work/FPGA/projekty/DCEQ816/CORE_MS2.vhd 2019/05/28.20:14:46 P.20131013
EN work/CORE_MS2 1559067383 \
      FL C:/Users/ja/Desktop/work/FPGA/projekty/DCEQ816/CORE_MS2.vhd \
      PB ieee/std_logic_1164 1381692176 PB ieee/NUMERIC_STD 1381692181 \
      PB ieee/std_logic_arith 1381692177 PB ieee/STD_LOGIC_UNSIGNED 1381692179
AR work/CORE_MS2/Behavioral 1559067384 \
      FL C:/Users/ja/Desktop/work/FPGA/projekty/DCEQ816/CORE_MS2.vhd \
      EN work/CORE_MS2 1559067383 CP ALU
FL C:/Users/ja/Desktop/work/FPGA/projekty/DCEQ816/DCE_Q816.vhd 2019/05/28.20:14:46 P.20131013
EN work/DCE_Q816 1559067391 \
      FL C:/Users/ja/Desktop/work/FPGA/projekty/DCEQ816/DCE_Q816.vhd \
      PB ieee/std_logic_1164 1381692176 PB ieee/NUMERIC_STD 1381692181 \
      PB ieee/std_logic_arith 1381692177 PB ieee/STD_LOGIC_UNSIGNED 1381692179
AR work/DCE_Q816/Behavioral 1559067392 \
      FL C:/Users/ja/Desktop/work/FPGA/projekty/DCEQ816/DCE_Q816.vhd \
      EN work/DCE_Q816 1559067391 CP CORE_MS2 CP I_O CP LOGIC CP ROM
FL C:/Users/ja/Desktop/work/FPGA/projekty/DCEQ816/I_O.vhd 2019/05/28.20:15:12 P.20131013
EN work/I_O 1559067385 FL C:/Users/ja/Desktop/work/FPGA/projekty/DCEQ816/I_O.vhd \
      PB ieee/std_logic_1164 1381692176 PB ieee/NUMERIC_STD 1381692181 \
      PB ieee/std_logic_arith 1381692177 PB ieee/STD_LOGIC_UNSIGNED 1381692179
AR work/I_O/Behavioral 1559067386 \
      FL C:/Users/ja/Desktop/work/FPGA/projekty/DCEQ816/I_O.vhd EN work/I_O 1559067385
FL C:/Users/ja/Desktop/work/FPGA/projekty/DCEQ816/LOGIC.vhd 2019/05/28.20:14:46 P.20131013
EN work/LOGIC 1559067387 \
      FL C:/Users/ja/Desktop/work/FPGA/projekty/DCEQ816/LOGIC.vhd \
      PB ieee/std_logic_1164 1381692176 PB ieee/NUMERIC_STD 1381692181 \
      PB ieee/std_logic_arith 1381692177 PB ieee/STD_LOGIC_UNSIGNED 1381692179
AR work/LOGIC/Behavioral 1559067388 \
      FL C:/Users/ja/Desktop/work/FPGA/projekty/DCEQ816/LOGIC.vhd EN work/LOGIC 1559067387
FL C:/Users/ja/Desktop/work/FPGA/projekty/DCEQ816/RAM.vhd 2019/03/03.22:14:20 P.20131013
EN work/RAM 1556179803 FL C:/Users/ja/Desktop/work/FPGA/projekty/DCEQ816/RAM.vhd \
      PB ieee/std_logic_1164 1381692176 PB ieee/NUMERIC_STD 1381692181
AR work/RAM/Behavioral 1556179804 \
      FL C:/Users/ja/Desktop/work/FPGA/projekty/DCEQ816/RAM.vhd EN work/RAM 1556179803
FL C:/Users/ja/Desktop/work/FPGA/projekty/DCEQ816/ROM.vhd 2019/05/28.14:31:07 P.20131013
EN work/ROM 1559067389 FL C:/Users/ja/Desktop/work/FPGA/projekty/DCEQ816/ROM.vhd \
      PB ieee/std_logic_1164 1381692176 PB ieee/NUMERIC_STD 1381692181
AR work/ROM/Behavioral 1559067390 \
      FL C:/Users/ja/Desktop/work/FPGA/projekty/DCEQ816/ROM.vhd EN work/ROM 1559067389
